
 ==================================== 
 = VIBRATIONAL NORMAL MODE ANALYSIS = 
 ==================================== 

 NUMBER OF ATOMS        :     6
 NUMBER OF NORMAL MODES :    18
 
 IA =   1 MASS (AMU) =    12.01
 IA =   2 MASS (AMU) =    12.01
 IA =   3 MASS (AMU) =     1.01
 IA =   4 MASS (AMU) =     1.01
 IA =   5 MASS (AMU) =     1.01
 IA =   6 MASS (AMU) =     1.01
 
    1   1 -0.031992 -0.316815  0.170424     0.000000  0.000146  0.000155
    1   2 -0.031993 -0.339302  0.194556     0.000000 -0.000156 -0.000180
    1   3 -0.031973 -0.273698  0.175554     0.000000 -0.000000 -0.000129
    1   4 -0.031976 -0.381578  0.189494     0.000000 -0.000013  0.000146
    1   5 -0.031972 -0.323824  0.127422     0.000000 -0.000139  0.000031
    1   6 -0.031973 -0.332587  0.236450     0.000000  0.000162 -0.000023
 
    2   1  0.331395  0.062597  0.169646    -0.000010  0.000193  0.000204
    2   2  0.331406  0.061968  0.170358    -0.000018 -0.000196 -0.000222
    2   3  0.331185  0.063949  0.169666     0.000009  0.000020 -0.000240
    2   4  0.331180  0.060823  0.170355     0.000007 -0.000014  0.000250
    2   5  0.331181  0.062204  0.168170     0.000007 -0.000222  0.000040
    2   6  0.331240  0.062306  0.171342     0.000005  0.000218 -0.000032
 
    3   1 -0.178200  0.174509  0.283722     0.000008 -0.000022 -0.000024
    3   2 -0.178206  0.175214  0.282918     0.000008  0.000022  0.000024
    3   3 -0.178088  0.173360  0.283577    -0.000004 -0.000015  0.000025
    3   4 -0.178085  0.176798  0.283138    -0.000004  0.000015 -0.000025
    3   5 -0.178080  0.174615  0.284520    -0.000004  0.000031 -0.000004
    3   6 -0.178116  0.175002  0.281051    -0.000004 -0.000031  0.000004
 
    4   1  0.001139  0.189223 -0.187568    -0.000001 -0.000007 -0.000084
    4   2  0.001135 -0.143790  0.163117     0.000002 -0.000054  0.000121
    4   3  0.001158  0.813958 -0.116362    -0.000002 -0.002317 -0.000259
    4   4  0.001069 -0.771072  0.091690     0.000004  0.002390  0.000261
    4   5  0.001124  0.085132 -0.808379     0.000002  0.000178  0.002374
    4   6  0.001209 -0.039381  0.785909    -0.000004 -0.000190 -0.002413
 
    5   1 -0.000024  0.018392 -0.019126     0.000007 -0.004849  0.004889
    5   2 -0.000003  0.018345 -0.019597    -0.000000 -0.004676  0.005182
    5   3 -0.000054 -0.286750 -0.051874     0.000003  0.006205  0.001221
    5   4  0.000085 -0.286896 -0.052358    -0.000005  0.006262  0.001062
    5   5  0.000008  0.067517  0.284092    -0.000001 -0.001383 -0.006193
    5   6  0.000060  0.067456  0.283518    -0.000003 -0.001559 -0.006161
 
    6   1 -0.000479  0.000012  0.000003     0.000249 -0.000008 -0.000001
    6   2  0.000459 -0.000013 -0.000002    -0.000237  0.000006  0.000001
    6   3 -0.150362 -0.000005  0.000006     0.006575 -0.000000  0.000006
    6   4 -0.148324  0.000010 -0.000003     0.006486  0.000000 -0.000007
    6   5  0.148328  0.000027  0.000022    -0.006486  0.000006 -0.000002
    6   6  0.150567 -0.000030 -0.000035    -0.006588 -0.000005  0.000003
 
    7   1  0.012674  0.000009  0.000007    -0.006645 -0.000008 -0.000007
    7   2 -0.012670 -0.000008 -0.000009     0.006643  0.000007  0.000008
    7   3  0.027708  0.000002 -0.000006    -0.001220 -0.000001  0.000003
    7   4 -0.028604 -0.000016  0.000007     0.001260  0.000001 -0.000002
    7   5  0.028598 -0.000004  0.000017    -0.001260  0.000003 -0.000001
    7   6 -0.027740  0.000005 -0.000003     0.001222 -0.000002  0.000000
 
    8   1  0.000010  0.008088  0.007759    -0.000009 -0.004856 -0.004647
    8   2  0.000009 -0.008093 -0.007742    -0.000011  0.004845  0.004636
    8   3 -0.000081  0.005914  0.007324     0.000006 -0.000297 -0.000382
    8   4 -0.000009 -0.005907 -0.007310     0.000003  0.000308  0.000391
    8   5 -0.000081  0.007471  0.005246     0.000006 -0.000398 -0.000266
    8   6 -0.000034 -0.007508 -0.005407     0.000004  0.000396  0.000268
 
    9   1  0.010348  0.000014 -0.000089    -0.006695 -0.000119 -0.000049
    9   2  0.010370 -0.000012  0.000089    -0.006695  0.000119  0.000049
    9   3 -0.061795 -0.000180 -0.000086     0.003349 -0.000008  0.000167
    9   4 -0.061770  0.000157  0.000084     0.003349  0.000008 -0.000167
    9   5 -0.061710  0.000065  0.000117     0.003346  0.000159 -0.000032
    9   6 -0.061753 -0.000063 -0.000108     0.003346 -0.000159  0.000032
 
   10   1  0.000019 -0.006984  0.007257    -0.000013  0.004729 -0.004570
   10   2  0.000017  0.006984 -0.007251    -0.000013 -0.004729  0.004570
   10   3 -0.000117  0.019531  0.009582     0.000007 -0.001045 -0.000759
   10   4 -0.000113 -0.019514 -0.009577     0.000007  0.001045  0.000759
   10   5 -0.000104 -0.010763 -0.019121     0.000006  0.000355  0.001085
   10   6 -0.000102  0.010746  0.019033     0.000006 -0.000355 -0.001085
 
   11   1  0.000029  0.000006  0.000007    -0.000023 -0.000002 -0.000002
   11   2 -0.000022 -0.000003 -0.000007     0.000018  0.000001  0.000005
   11   3  0.099566 -0.000016  0.000014    -0.006610  0.000001 -0.000004
   11   4 -0.099548 -0.000019 -0.000002     0.006610  0.000002 -0.000000
   11   5 -0.099705  0.000012  0.000003     0.006620 -0.000003  0.000000
   11   6  0.099590 -0.000007 -0.000008    -0.006614  0.000002  0.000001
 
   12   1  0.007694 -0.000007 -0.000007    -0.006689  0.000006  0.000006
   12   2 -0.007691  0.000006  0.000007     0.006689 -0.000006 -0.000006
   12   3 -0.020647  0.000004 -0.000005     0.001506  0.000000 -0.000008
   12   4  0.020638  0.000009  0.000003    -0.001506 -0.000000  0.000008
   12   5 -0.020612 -0.000004  0.000004     0.001503 -0.000008  0.000001
   12   6  0.020588  0.000003  0.000003    -0.001503  0.000008 -0.000001
 
   13   1  0.000004  0.004703  0.004445     0.000000 -0.004633 -0.004378
   13   2 -0.000003 -0.004806 -0.004551     0.000000  0.004736  0.004483
   13   3 -0.000011 -0.067068 -0.005994     0.000000  0.005604  0.000483
   13   4 -0.000000  0.068174  0.006059     0.000000 -0.005697 -0.000489
   13   5 -0.000005 -0.009571 -0.066563     0.000000  0.000783  0.005563
   13   6  0.000005  0.009711  0.067738     0.000000 -0.000793 -0.005662
 
   14   1 -0.000002 -0.004662 -0.004402     0.000000  0.004830  0.004564
   14   2  0.000003 -0.004635 -0.004396     0.000000  0.004777  0.004533
   14   3  0.000008  0.049742  0.003530     0.000000 -0.004314 -0.000315
   14   4 -0.000016  0.048796  0.003442     0.000000 -0.004233 -0.000283
   14   5 -0.000000  0.006176  0.049409     0.000000 -0.000547 -0.004284
   14   6 -0.000004  0.006078  0.048560     0.000000 -0.000512 -0.004215
 
   15   1 -0.000001  0.001256  0.001022     0.000000 -0.005088 -0.004157
   15   2  0.000001 -0.001215 -0.000918     0.000000  0.004920  0.003733
   15   3 -0.000010  0.002327 -0.015856     0.000000 -0.000807  0.005428
   15   4 -0.000003 -0.002156  0.014479     0.000000  0.000742 -0.004952
   15   5 -0.000009 -0.017575  0.003464     0.000000  0.006013 -0.001196
   15   6  0.000000  0.016879 -0.003325     0.000000 -0.005779  0.001145
 
   16   1  0.000000  0.001096 -0.001287     0.000000 -0.004537  0.005176
   16   2 -0.000000 -0.001099  0.001292     0.000000  0.004537 -0.005176
   16   3  0.000000 -0.001461  0.014115     0.000000  0.000489 -0.004739
   16   4 -0.000001  0.001470 -0.014179     0.000000 -0.000489  0.004739
   16   5  0.000001 -0.012197  0.001854     0.000000  0.004258 -0.000649
   16   6  0.000000  0.012216 -0.001856     0.000000 -0.004258  0.000649
 
   17   1  0.000000 -0.001111 -0.001069     0.000000  0.004531  0.004361
   17   2 -0.000000 -0.001192 -0.001128     0.000000  0.004848  0.004589
   17   3 -0.000002 -0.002322  0.015872     0.000000  0.000795 -0.005449
   17   4  0.000002 -0.002459  0.016808     0.000000  0.000839 -0.005724
   17   5  0.000000  0.015544 -0.003142     0.000000 -0.005336  0.001077
   17   6 -0.000000  0.016666 -0.003359     0.000000 -0.005677  0.001146
 
   18   1 -0.000000  0.001056 -0.001093     0.000000 -0.004409  0.004645
   18   2  0.000000  0.001035 -0.001104     0.000000 -0.004401  0.004614
   18   3 -0.000001 -0.001191  0.011172     0.000000  0.000429 -0.004012
   18   4  0.000001 -0.001221  0.011358     0.000000  0.000425 -0.003955
   18   5 -0.000000 -0.011395  0.001853     0.000000  0.003968 -0.000646
   18   6  0.000000 -0.011107  0.001797     0.000000  0.003988 -0.000646

 B matrix
B =  1 -0.034 -0.341  0.183  0.358  0.068  0.183 -0.193  0.189  0.307  0.001  0.116 -0.115 -0.000  0.031 -0.033 -0.002  0.000  0.000  0.214  0.000  0.000  0.000  0.331  0.318  0.083  0.000 -0.001  0.000 -0.152  0.158  0.000  0.000  0.000  0.180 -0.000 -0.000  0.000  0.035  0.033 -0.000 -0.047 -0.044 -0.000  0.038  0.031  0.000  0.041 -0.048  0.000 -0.034
 -0.032 -0.000  0.046 -0.048
B =  2 -0.034 -0.365  0.209  0.358  0.067  0.184 -0.193  0.189  0.306  0.001 -0.088  0.100 -0.000  0.031 -0.034  0.002 -0.000 -0.000 -0.214 -0.000 -0.000  0.000 -0.331 -0.317  0.083 -0.000  0.001  0.000  0.152 -0.158 -0.000 -0.000 -0.000 -0.180  0.000  0.000 -0.000 -0.035 -0.033  0.000 -0.047 -0.044  0.000 -0.037 -0.028 -0.000 -0.041  0.048 -0.000 -0.036
 -0.034  0.000  0.045 -0.048
B =  3 -0.034 -0.295  0.189  0.358  0.069  0.183 -0.193  0.187  0.307  0.001  0.497 -0.071 -0.000 -0.491 -0.089 -0.503 -0.000  0.000  0.469  0.000 -0.000 -0.003  0.242  0.300 -0.497 -0.001 -0.001 -0.003  0.425  0.209  0.500 -0.000  0.000 -0.484  0.000 -0.000 -0.000 -0.493 -0.044  0.000  0.502  0.036 -0.000  0.070 -0.480  0.000 -0.055  0.528 -0.000 -0.070
  0.480 -0.000 -0.052  0.489
B =  4 -0.034 -0.411  0.204  0.358  0.066  0.184 -0.193  0.191  0.306  0.001 -0.471  0.056  0.000 -0.491 -0.090 -0.496  0.000 -0.000 -0.484 -0.000  0.000 -0.000 -0.242 -0.299 -0.497  0.001  0.001 -0.002 -0.425 -0.209 -0.500 -0.000 -0.000  0.484  0.000  0.000 -0.000  0.501  0.045 -0.000  0.492  0.035 -0.000 -0.065  0.438 -0.000  0.055 -0.530  0.000 -0.074
  0.509  0.000 -0.053  0.498
B =  5 -0.034 -0.349  0.137  0.358  0.067  0.182 -0.193  0.189  0.308  0.001  0.052 -0.494  0.000  0.116  0.486  0.496  0.000  0.000  0.484 -0.000  0.000 -0.003  0.306  0.215 -0.496  0.001  0.001 -0.002 -0.234 -0.416 -0.501  0.000  0.000 -0.483 -0.000  0.000 -0.000 -0.070 -0.489 -0.000  0.062  0.498 -0.000 -0.532  0.105  0.000 -0.456  0.069  0.000  0.470
 -0.095 -0.000 -0.499  0.081
B =  6 -0.034 -0.358  0.254  0.358  0.067  0.185 -0.193  0.189  0.304  0.001 -0.024  0.480  0.000  0.115  0.485  0.504 -0.000 -0.000 -0.469  0.000 -0.000 -0.001 -0.307 -0.221 -0.496 -0.001 -0.001 -0.002  0.234  0.415  0.500 -0.000 -0.000  0.483  0.000  0.000  0.000  0.071  0.498 -0.000  0.061  0.490  0.000  0.511 -0.101  0.000  0.457 -0.069 -0.000  0.504
 -0.102  0.000 -0.487  0.079

 G matrix
G:  1  4.633  0.000  0.000  0.000  0.000  0.000  0.000 -0.000  0.000 -0.000 -0.000 -0.000 -0.000  0.000  0.000 -0.000  0.000  0.000
G:  2  0.000  4.679 -0.000  0.000 -0.000 -0.000  0.000  0.000  0.000  0.000  0.000  0.000 -0.000  0.000  0.000  0.000 -0.000  0.000
G:  3  0.000 -0.000  4.678  0.000  0.000  0.000  0.000 -0.000 -0.000 -0.000  0.000  0.000 -0.000 -0.000 -0.000  0.000  0.000  0.000
G:  4  0.000  0.000  0.000  1.494  0.000 -0.000  0.000  0.000 -0.000  0.000  0.000 -0.000  0.000  0.000 -0.000  0.000 -0.000  0.000
G:  5  0.000 -0.000  0.000  0.000  1.054 -0.000  0.000  0.000 -0.000 -0.000 -0.000 -0.000  0.000 -0.000 -0.000  0.000 -0.000 -0.000
G:  6  0.000 -0.000  0.000 -0.000 -0.000  1.008 -0.000 -0.000  0.000  0.000  0.000  0.000  0.000 -0.000  0.000 -0.000  0.000  0.000
G:  7  0.000  0.000  0.000  0.000  0.000 -0.000  2.019  0.000  0.000 -0.000  0.000 -0.000 -0.000  0.000 -0.000  0.000 -0.000 -0.000
G:  8 -0.000  0.000 -0.000  0.000  0.000 -0.000  0.000  5.635  0.000 -0.000  0.000  0.000  0.000  0.000 -0.000 -0.000  0.000  0.000
G:  9  0.000  0.000 -0.000 -0.000 -0.000  0.000  0.000  0.000  1.161  0.000 -0.000 -0.000  0.000 -0.000  0.000 -0.000 -0.000 -0.000
G: 10 -0.000  0.000 -0.000  0.000 -0.000  0.000 -0.000 -0.000  0.000  2.067  0.000  0.000  0.000 -0.000 -0.000  0.000  0.000 -0.000
G: 11 -0.000  0.000  0.000  0.000 -0.000  0.000  0.000  0.000 -0.000  0.000  1.008  0.000  0.000 -0.000  0.000 -0.000  0.000  0.000
G: 12 -0.000  0.000  0.000 -0.000 -0.000  0.000 -0.000  0.000 -0.000  0.000  0.000  1.724 -0.000  0.000 -0.000 -0.000 -0.000 -0.000
G: 13 -0.000 -0.000 -0.000  0.000  0.000  0.000 -0.000  0.000  0.000  0.000  0.000 -0.000  1.059 -0.000 -0.000  0.000 -0.000 -0.000
G: 14  0.000  0.000 -0.000  0.000 -0.000 -0.000  0.000  0.000 -0.000 -0.000 -0.000  0.000 -0.000  1.100  0.000 -0.000 -0.000 -0.000
G: 15  0.000  0.000 -0.000 -0.000 -0.000  0.000 -0.000 -0.000  0.000 -0.000  0.000 -0.000 -0.000  0.000  1.058  0.000  0.000  0.000
G: 16 -0.000  0.000  0.000  0.000  0.000 -0.000  0.000 -0.000 -0.000  0.000 -0.000 -0.000  0.000 -0.000  0.000  1.096 -0.000 -0.000
G: 17  0.000 -0.000  0.000 -0.000 -0.000  0.000 -0.000  0.000 -0.000  0.000  0.000 -0.000 -0.000 -0.000  0.000 -0.000  1.059 -0.000
G: 18  0.000  0.000  0.000  0.000 -0.000  0.000 -0.000  0.000 -0.000 -0.000  0.000 -0.000 -0.000 -0.000  0.000 -0.000 -0.000  1.105

 F matrix before symmetrization
F:  1  0.000 -0.000 -0.000  0.000 -0.000  0.000 -0.000 -0.000  0.000 -0.000  0.000  0.000 -0.000 -0.000 -0.000  0.000 -0.000 -0.000
F:  2  0.000 -0.000 -0.000  0.000  0.000  0.000 -0.000 -0.000  0.000  0.000  0.000  0.000 -0.000 -0.000 -0.001  0.000 -0.000 -0.000
F:  3  0.000  0.000 -0.000  0.000  0.000 -0.000  0.000  0.000 -0.000  0.000 -0.000 -0.000 -0.000  0.000  0.000  0.000  0.000  0.000
F:  4  0.000  0.000 -0.000  0.003  0.000  0.000  0.000  0.000 -0.000  0.003  0.000  0.000  0.000 -0.000 -0.000 -0.000 -0.000  0.000
F:  5 -0.000 -0.000 -0.000  0.000  0.023  0.000 -0.000  0.000 -0.000  0.000 -0.000  0.000 -0.000  0.000  0.000 -0.000  0.000 -0.000
F:  6 -0.000  0.000 -0.000  0.000  0.000  0.044 -0.000 -0.000 -0.000 -0.000  0.000  0.000 -0.000 -0.000  0.000 -0.000  0.000  0.000
F:  7  0.000 -0.000  0.000  0.000  0.000  0.000  0.088  0.000  0.000  0.000 -0.000 -0.000  0.000  0.000  0.000 -0.000 -0.000  0.000
F:  8 -0.000 -0.000  0.000  0.000  0.000  0.000  0.000  0.282  0.000  0.000  0.000 -0.000 -0.000 -0.000 -0.002  0.000 -0.000 -0.000
F:  9 -0.000  0.000 -0.000 -0.000 -0.000 -0.000  0.000 -0.000  0.062  0.000  0.000  0.000  0.000  0.000  0.003 -0.000  0.000  0.000
F: 10  0.000 -0.000  0.000  0.000  0.000  0.000 -0.000  0.001  0.000  0.112  0.000 -0.000 -0.000  0.000 -0.011  0.001 -0.000 -0.000
F: 11 -0.000  0.000 -0.000 -0.000 -0.000  0.000 -0.000 -0.000 -0.000 -0.000  0.066  0.000 -0.000 -0.000 -0.000  0.000  0.000  0.000
F: 12 -0.000  0.000 -0.000 -0.000  0.000  0.000  0.000  0.000 -0.000 -0.000  0.000  0.125 -0.000 -0.000 -0.000  0.000 -0.000 -0.000
F: 13  0.000  0.000  0.000  0.000  0.000 -0.000 -0.000 -0.000 -0.000  0.000  0.000 -0.000  0.088  0.000 -0.000  0.000 -0.000  0.000
F: 14 -0.000 -0.000 -0.000  0.000  0.000 -0.000 -0.000 -0.000 -0.000  0.000 -0.000  0.000 -0.000  0.095 -0.000  0.000 -0.000 -0.000
F: 15 -0.000  0.000  0.000 -0.000 -0.000 -0.000  0.000 -0.001 -0.000  0.000 -0.000 -0.000 -0.001  0.000  0.359 -0.000 -0.000 -0.000
F: 16  0.000  0.000  0.000 -0.000  0.000 -0.000 -0.000 -0.000 -0.000  0.000 -0.000  0.000  0.000 -0.000  0.007  0.371  0.001  0.001
F: 17 -0.000  0.000  0.000  0.000  0.000 -0.000  0.000  0.000 -0.000  0.000  0.000 -0.000 -0.000  0.000 -0.001  0.000  0.359 -0.000
F: 18  0.000 -0.000 -0.000 -0.000  0.000  0.000  0.000  0.001  0.000 -0.000  0.000 -0.000 -0.000 -0.000 -0.006  0.000 -0.000  0.388

 F matrix after symmetrization
F:  1  0.000  0.000  0.000  0.000 -0.000 -0.000  0.000 -0.000 -0.000  0.000 -0.000 -0.000 -0.000 -0.000 -0.000  0.000 -0.000  0.000
F:  2  0.000 -0.000 -0.000  0.000 -0.000  0.000 -0.000 -0.000  0.000  0.000  0.000  0.000 -0.000 -0.000 -0.000  0.000 -0.000 -0.000
F:  3  0.000 -0.000 -0.000  0.000 -0.000 -0.000  0.000  0.000 -0.000  0.000 -0.000 -0.000 -0.000 -0.000  0.000  0.000  0.000 -0.000
F:  4  0.000  0.000  0.000  0.003  0.000  0.000  0.000  0.000 -0.000  0.001  0.000 -0.000  0.000  0.000 -0.000 -0.000  0.000 -0.000
F:  5 -0.000 -0.000 -0.000  0.000  0.023  0.000 -0.000  0.000 -0.000  0.000 -0.000  0.000 -0.000  0.000  0.000 -0.000  0.000  0.000
F:  6 -0.000  0.000 -0.000  0.000  0.000  0.044 -0.000 -0.000 -0.000  0.000  0.000  0.000 -0.000 -0.000  0.000 -0.000  0.000  0.000
F:  7  0.000 -0.000  0.000  0.000 -0.000 -0.000  0.088  0.000  0.000  0.000 -0.000 -0.000 -0.000  0.000  0.000 -0.000  0.000  0.000
F:  8 -0.000 -0.000  0.000  0.000  0.000 -0.000  0.000  0.282 -0.000  0.000  0.000  0.000 -0.000 -0.000 -0.001 -0.000  0.000  0.000
F:  9 -0.000  0.000 -0.000 -0.000 -0.000 -0.000  0.000 -0.000  0.062  0.000  0.000 -0.000  0.000 -0.000  0.001 -0.000  0.000  0.000
F: 10  0.000  0.000  0.000  0.001  0.000  0.000  0.000  0.000  0.000  0.112  0.000 -0.000 -0.000  0.000 -0.005  0.000 -0.000 -0.000
F: 11 -0.000  0.000 -0.000  0.000 -0.000  0.000 -0.000  0.000  0.000  0.000  0.066  0.000 -0.000 -0.000 -0.000 -0.000  0.000  0.000
F: 12 -0.000  0.000 -0.000 -0.000  0.000  0.000 -0.000  0.000 -0.000 -0.000  0.000  0.125 -0.000  0.000 -0.000  0.000 -0.000 -0.000
F: 13 -0.000 -0.000 -0.000  0.000 -0.000 -0.000 -0.000 -0.000  0.000 -0.000 -0.000 -0.000  0.088 -0.000 -0.000  0.000 -0.000 -0.000
F: 14 -0.000 -0.000 -0.000  0.000  0.000 -0.000  0.000 -0.000 -0.000  0.000 -0.000  0.000 -0.000  0.095 -0.000  0.000 -0.000 -0.000
F: 15 -0.000 -0.000  0.000 -0.000  0.000  0.000  0.000 -0.001  0.001 -0.005 -0.000 -0.000 -0.000 -0.000  0.359  0.004 -0.001 -0.003
F: 16  0.000  0.000  0.000 -0.000 -0.000 -0.000 -0.000 -0.000 -0.000  0.000 -0.000  0.000  0.000  0.000  0.004  0.371  0.000  0.001
F: 17 -0.000 -0.000  0.000  0.000  0.000  0.000  0.000  0.000  0.000 -0.000  0.000 -0.000 -0.000 -0.000 -0.001  0.000  0.359 -0.000
F: 18  0.000 -0.000 -0.000 -0.000  0.000  0.000  0.000  0.000  0.000 -0.000  0.000 -0.000 -0.000 -0.000 -0.003  0.001 -0.000  0.388
 IM1 =    1 MAX. FORCE =       0.00004245
 IM1 =    2 MAX. FORCE =       0.00008082
 IM1 =    3 MAX. FORCE =       0.00000838
 IM1 =    4 MAX. FORCE =       0.00143872
 IM1 =    5 MAX. FORCE =       0.01158451
 IM1 =    6 MAX. FORCE =       0.02190028
 IM1 =    7 MAX. FORCE =       0.07917395
 IM1 =    8 MAX. FORCE =       0.11638101
 IM1 =    9 MAX. FORCE =       0.05018998
 IM1 =   10 MAX. FORCE =       0.09952601
 IM1 =   11 MAX. FORCE =       0.03308746
 IM1 =   12 MAX. FORCE =       0.11941477
 IM1 =   13 MAX. FORCE =       0.04657214
 IM1 =   14 MAX. FORCE =       0.06408936
 IM1 =   15 MAX. FORCE =       0.26997465
 IM1 =   16 MAX. FORCE =       0.19523041
 IM1 =   17 MAX. FORCE =       0.27786523
 IM1 =   18 MAX. FORCE =       0.27171793

 VIBRATIONAL FREQUENCIES AND EIGEN VECTORS
 NATM FAC       MODE  WR        : NU(meV)   NU(cm-1)
   6  0.10D+01     1     -0.19D-05 :    0.88      7.10
        1   0.0089711873   0.1674856077  -0.0785097477
        2   0.0089716538   0.1726754128  -0.0840023127
        3   0.0089661771   0.1573106265  -0.0796071569
        4   0.0089672895   0.1827918258  -0.0829204403
        5   0.0089668558   0.1692579701  -0.0683105355
        6   0.0089650449   0.1709366303  -0.0940803541
   6  0.10D+01     2     -0.62D-07 :    0.16      1.28
        1   0.1661158226   0.0313757198   0.0841079753
        2   0.1661142473   0.0314084875   0.0840173250
        3   0.1661138677   0.0313086256   0.0838762361
        4   0.1661054659   0.0315547599   0.0842689841
        5   0.1661041378   0.0311632169   0.0841132313
        6   0.1661101586   0.0316049036   0.0839104312
   6  0.10D+01     3      0.10D-09 :    0.01      0.05
        1   0.0892810191  -0.0755194844  -0.1482374543
        2   0.0892826176  -0.0755168785  -0.1482335248
        3   0.0892738767  -0.0755526188  -0.1482538625
        4   0.0892738941  -0.0755971556  -0.1482367145
        5   0.0892710431  -0.0755052481  -0.1480802975
        6   0.0892801782  -0.0755020745  -0.1481141926
   6  0.10D+01     4      0.18D-02 :   27.30    220.17
        1   0.0003390174   0.0901766526  -0.0921386866
        2   0.0003372435  -0.0793351821   0.0870462529
        3   0.0003161061   0.3980489756  -0.0569303482
        4   0.0003056429  -0.3871333683   0.0518642458
        5   0.0003017211   0.0385876912  -0.3978202702
        6   0.0003433157  -0.0278322685   0.3923659058
   6  0.29D+00     5      0.22D-01 :   93.29    752.44
        1   0.0000162445  -0.0304537160   0.0326614349
        2  -0.0000193442  -0.0309031482   0.0320111954
        3   0.0000797027   0.4781778685   0.0869937923
        4  -0.0000055140   0.4779355505   0.0869047916
        5   0.0000360314  -0.1126108200  -0.4727700501
        6   0.0000054439  -0.1124758599  -0.4729388902
   6  0.15D+00     6      0.43D-01 :  132.28   1066.89
        1   0.0012673403  -0.0001380738  -0.0000797656
        2  -0.0012731931   0.0001396502   0.0000783697
        3   0.5007157984   0.0000029583  -0.0001091511
        4   0.4953044349  -0.0000265741   0.0001056486
        5  -0.4952318418  -0.0001993557  -0.0001398489
        6  -0.5007263980   0.0001977079   0.0001467510
   6  0.42D-01     7      0.44D-01 :  132.72   1070.44
        1  -0.1508672804   0.0000241444   0.0000538593
        2   0.1509591482  -0.0000324711  -0.0000454055
        3  -0.3312706496   0.0001004590   0.0000722467
        4   0.3389809059   0.0000358128  -0.0000780697
        5  -0.3395299819   0.0000180236  -0.0000583960
        6   0.3307268703  -0.0000429501  -0.0000016994
   6  0.29D-01     8      0.50D-01 :  142.10   1146.13
        1   0.0004493431   0.1428846416   0.1303704211
        2   0.0004538939  -0.1427711952  -0.1303935143
        3  -0.0021723234   0.0904388938   0.1206690344
        4  -0.0023328159  -0.0925439771  -0.1215171663
        5  -0.0027157786   0.1332175139   0.0988818543
        6  -0.0034368228  -0.1328290067  -0.0975448984
   6  0.66D-01     9      0.54D-01 :  147.26   1187.70
        1   0.0773255854   0.0034668462  -0.0060104887
        2   0.0772059665  -0.0034920412   0.0060312351
        3  -0.4604203954  -0.0138871719  -0.0048970694
        4  -0.4602601327   0.0139587581   0.0048825059
        5  -0.4597495888   0.0088144474   0.0127519379
        6  -0.4610028403  -0.0088210790  -0.0128280970
   6  0.33D-01    10      0.54D-01 :  148.01   1193.80
        1   0.0035494262  -0.0995731704   0.1128510905
        2   0.0034273173   0.1000223409  -0.1129656210
        3  -0.0209961544   0.3026147317   0.1415845872
        4  -0.0208004099  -0.3036568588  -0.1417588857
        5  -0.0206762521  -0.1644231075  -0.2926244789
        6  -0.0206287747   0.1646050383   0.2918940722
   6  0.10D+00    11      0.66D-01 :  162.99   1314.58
        1   0.0000345859   0.0000309881   0.0000395131
        2   0.0000726443  -0.0000417393  -0.0000539619
        3   0.4977556992   0.0000415642   0.0000321203
        4  -0.4983751431   0.0000713941  -0.0000249777
        5  -0.4983096600   0.0000305604   0.0000651770
        6   0.4976065513  -0.0000090161   0.0001003591
   6  0.28D-01    12      0.72D-01 :  170.86   1378.07
        1   0.1373179339   0.0001368301   0.0000654710
        2  -0.1372875925  -0.0001443564  -0.0000739606
        3  -0.3684639165  -0.0006408335  -0.0003378489
        4   0.3681382956   0.0007275135   0.0003191811
        5  -0.3684661969  -0.0002515612  -0.0004081924
        6   0.3684190801   0.0002562246   0.0005253106
   6  0.72D-01    13      0.83D-01 :  182.77   1474.13
        1  -0.0000942838   0.0333363722   0.0307091195
        2   0.0002630182  -0.0342758855  -0.0317170422
        3  -0.0001073887  -0.4792428357  -0.0445226743
        4  -0.0010411449   0.4894555769   0.0453892239
        5  -0.0000247841  -0.0688699667  -0.4735591679
        6  -0.0011447272   0.0700629941   0.4841509678
   6  0.52D-01    14      0.86D-01 :  186.29   1502.52
        1  -0.0000095865  -0.0450745073  -0.0424974659
        2   0.0000046935  -0.0443159666  -0.0421627610
        3  -0.0000466400   0.4794222924   0.0339370338
        4   0.0000093022   0.4678517651   0.0331712556
        5   0.0000911917   0.0593109113   0.4760735269
        6  -0.0001444468   0.0586130605   0.4660129505
   6  0.12D-01    15      0.34D+00 :  367.62   2965.07
        1  -0.0001316892   0.0031664747  -0.0406651921
        2  -0.0002505969  -0.0046861887   0.0617189599
        3   0.0014112581  -0.0623559140   0.5337849568
        4   0.0016537931   0.0961844599  -0.7919189425
        5   0.0013359005   0.0058023240  -0.0164717672
        6   0.0016078477  -0.0216197349   0.0245806788
   6  0.17D-01    16      0.34D+00 :  369.87   2983.16
        1   0.0000022098   0.0264591961   0.0400282370
        2   0.0000054632   0.0408816977   0.0226116752
        3  -0.0000232058   0.0787009618  -0.5646816989
        4  -0.0000528114   0.0586104758  -0.3710780900
        5  -0.0000196791  -0.3901241859   0.0827494225
        6  -0.0000523343  -0.5495530493   0.1066582929
   6  0.12D-01    17      0.34D+00 :  371.37   2995.25
        1   0.0001305297   0.0644279207  -0.0148264333
        2   0.0002363721  -0.0410121533   0.0066765819
        3  -0.0013242376   0.0103515654   0.0320251299
        4  -0.0015714699  -0.0115448058   0.0148896659
        5  -0.0012480866  -0.7907664030   0.1434426552
        6  -0.0015082729   0.5130193552  -0.0940031371
   6  0.12D-01    18      0.35D+00 :  376.42   3036.04
        1  -0.0000400089   0.0333422679  -0.0499564895
        2  -0.0000726238   0.0508676383  -0.0402233016
        3   0.0003959921  -0.0622458731   0.5507450068
        4   0.0004870670  -0.0374989022   0.3778455201
        5   0.0003772157  -0.3345299331   0.0495327502
        6   0.0004692563  -0.5691167387   0.0966559493

             =========             
              SUMMARY              
             =========             

 MODE  WR       : NU(meV)  NU(cm-1)
    1 -0.19D-05 :    0.88      7.10
    2 -0.62D-07 :    0.16      1.28
    3  0.10D-09 :    0.01      0.05
    4  0.18D-02 :   27.30    220.17
    5  0.22D-01 :   93.29    752.44
    6  0.43D-01 :  132.28   1066.89
    7  0.44D-01 :  132.72   1070.44
    8  0.50D-01 :  142.10   1146.13
    9  0.54D-01 :  147.26   1187.70
   10  0.54D-01 :  148.01   1193.80
   11  0.66D-01 :  162.99   1314.58
   12  0.72D-01 :  170.86   1378.07
   13  0.83D-01 :  182.77   1474.13
   14  0.86D-01 :  186.29   1502.52
   15  0.34D+00 :  367.62   2965.07
   16  0.34D+00 :  369.87   2983.16
   17  0.34D+00 :  371.37   2995.25
   18  0.35D+00 :  376.42   3036.04
